Archive member included because of file (symbol)

e:/programs/imt_sdk_win_64/imt_sdk_win_64/winavr/bin/../lib/gcc/avr/4.3.3/avr5\libgcc.a(_divmodsi4.o)
                              ./MCAL/I2C/I2C_Program.o (__divmodsi4)
e:/programs/imt_sdk_win_64/imt_sdk_win_64/winavr/bin/../lib/gcc/avr/4.3.3/avr5\libgcc.a(_exit.o)
                              e:/programs/imt_sdk_win_64/imt_sdk_win_64/winavr/bin/../lib/gcc/avr/4.3.3/../../../../avr/lib/avr5/crtm32.o (exit)
e:/programs/imt_sdk_win_64/imt_sdk_win_64/winavr/bin/../lib/gcc/avr/4.3.3/avr5\libgcc.a(_udivmodsi4.o)
                              e:/programs/imt_sdk_win_64/imt_sdk_win_64/winavr/bin/../lib/gcc/avr/4.3.3/avr5\libgcc.a(_divmodsi4.o) (__udivmodsi4)

Memory Configuration

Name             Origin             Length             Attributes
text             0x00000000         0x00020000         xr
data             0x00800060         0x0000ffa0         rw !x
eeprom           0x00810000         0x00010000         rw !x
fuse             0x00820000         0x00000400         rw !x
lock             0x00830000         0x00000400         rw !x
signature        0x00840000         0x00000400         rw !x
*default*        0x00000000         0xffffffff

Linker script and memory map

LOAD e:/programs/imt_sdk_win_64/imt_sdk_win_64/winavr/bin/../lib/gcc/avr/4.3.3/../../../../avr/lib/avr5/crtm32.o
LOAD ./MCAL/I2C/I2C_Program.o
LOAD ./MCAL/DIO/DIO_Program.o
LOAD ./HAL/E2PROM/EEPROM_Program.o
LOAD ./APP/main.o
LOAD e:/programs/imt_sdk_win_64/imt_sdk_win_64/winavr/bin/../lib/gcc/avr/4.3.3/avr5\libgcc.a
LOAD e:/programs/imt_sdk_win_64/imt_sdk_win_64/winavr/bin/../lib/gcc/avr/4.3.3/../../../../avr/lib/avr5\libc.a
LOAD e:/programs/imt_sdk_win_64/imt_sdk_win_64/winavr/bin/../lib/gcc/avr/4.3.3/avr5\libgcc.a

.hash
 *(.hash)

.dynsym
 *(.dynsym)

.dynstr
 *(.dynstr)

.gnu.version
 *(.gnu.version)

.gnu.version_d
 *(.gnu.version_d)

.gnu.version_r
 *(.gnu.version_r)

.rel.init
 *(.rel.init)

.rela.init
 *(.rela.init)

.rel.text
 *(.rel.text)
 *(.rel.text.*)
 *(.rel.gnu.linkonce.t*)

.rela.text
 *(.rela.text)
 *(.rela.text.*)
 *(.rela.gnu.linkonce.t*)

.rel.fini
 *(.rel.fini)

.rela.fini
 *(.rela.fini)

.rel.rodata
 *(.rel.rodata)
 *(.rel.rodata.*)
 *(.rel.gnu.linkonce.r*)

.rela.rodata
 *(.rela.rodata)
 *(.rela.rodata.*)
 *(.rela.gnu.linkonce.r*)

.rel.data
 *(.rel.data)
 *(.rel.data.*)
 *(.rel.gnu.linkonce.d*)

.rela.data
 *(.rela.data)
 *(.rela.data.*)
 *(.rela.gnu.linkonce.d*)

.rel.ctors
 *(.rel.ctors)

.rela.ctors
 *(.rela.ctors)

.rel.dtors
 *(.rel.dtors)

.rela.dtors
 *(.rela.dtors)

.rel.got
 *(.rel.got)

.rela.got
 *(.rela.got)

.rel.bss
 *(.rel.bss)

.rela.bss
 *(.rela.bss)

.rel.plt
 *(.rel.plt)

.rela.plt
 *(.rela.plt)

.text           0x00000000      0xe34
 *(.vectors)
 .vectors       0x00000000       0x54 e:/programs/imt_sdk_win_64/imt_sdk_win_64/winavr/bin/../lib/gcc/avr/4.3.3/../../../../avr/lib/avr5/crtm32.o
                0x00000000                __vectors
                0x00000000                __vector_default
 *(.vectors)
 *(.progmem.gcc*)
 *(.progmem*)
                0x00000054                . = ALIGN (0x2)
                0x00000054                __trampolines_start = .
 *(.trampolines)
 .trampolines   0x00000054        0x0 linker stubs
 *(.trampolines*)
                0x00000054                __trampolines_end = .
 *(.jumptables)
 *(.jumptables*)
 *(.lowtext)
 *(.lowtext*)
                0x00000054                __ctors_start = .
 *(.ctors)
                0x00000054                __ctors_end = .
                0x00000054                __dtors_start = .
 *(.dtors)
                0x00000054                __dtors_end = .
 SORT(*)(.ctors)
 SORT(*)(.dtors)
 *(.init0)
 .init0         0x00000054        0x0 e:/programs/imt_sdk_win_64/imt_sdk_win_64/winavr/bin/../lib/gcc/avr/4.3.3/../../../../avr/lib/avr5/crtm32.o
                0x00000054                __init
 *(.init0)
 *(.init1)
 *(.init1)
 *(.init2)
 .init2         0x00000054        0xc e:/programs/imt_sdk_win_64/imt_sdk_win_64/winavr/bin/../lib/gcc/avr/4.3.3/../../../../avr/lib/avr5/crtm32.o
 *(.init2)
 *(.init3)
 *(.init3)
 *(.init4)
 *(.init4)
 *(.init5)
 *(.init5)
 *(.init6)
 *(.init6)
 *(.init7)
 *(.init7)
 *(.init8)
 *(.init8)
 *(.init9)
 .init9         0x00000060        0x8 e:/programs/imt_sdk_win_64/imt_sdk_win_64/winavr/bin/../lib/gcc/avr/4.3.3/../../../../avr/lib/avr5/crtm32.o
 *(.init9)
 *(.text)
 .text          0x00000068        0x4 e:/programs/imt_sdk_win_64/imt_sdk_win_64/winavr/bin/../lib/gcc/avr/4.3.3/../../../../avr/lib/avr5/crtm32.o
                0x00000068                __vector_1
                0x00000068                __vector_12
                0x00000068                __bad_interrupt
                0x00000068                __vector_6
                0x00000068                __vector_3
                0x00000068                __vector_11
                0x00000068                __vector_13
                0x00000068                __vector_17
                0x00000068                __vector_19
                0x00000068                __vector_7
                0x00000068                __vector_5
                0x00000068                __vector_4
                0x00000068                __vector_9
                0x00000068                __vector_2
                0x00000068                __vector_15
                0x00000068                __vector_8
                0x00000068                __vector_14
                0x00000068                __vector_10
                0x00000068                __vector_16
                0x00000068                __vector_18
                0x00000068                __vector_20
 .text          0x0000006c        0x0 ./MCAL/I2C/I2C_Program.o
 .text          0x0000006c        0x0 ./MCAL/DIO/DIO_Program.o
 .text          0x0000006c        0x0 ./HAL/E2PROM/EEPROM_Program.o
 .text          0x0000006c        0x0 ./APP/main.o
 .text          0x0000006c        0x0 e:/programs/imt_sdk_win_64/imt_sdk_win_64/winavr/bin/../lib/gcc/avr/4.3.3/avr5\libgcc.a(_divmodsi4.o)
 .text          0x0000006c        0x0 e:/programs/imt_sdk_win_64/imt_sdk_win_64/winavr/bin/../lib/gcc/avr/4.3.3/avr5\libgcc.a(_exit.o)
 .text          0x0000006c        0x0 e:/programs/imt_sdk_win_64/imt_sdk_win_64/winavr/bin/../lib/gcc/avr/4.3.3/avr5\libgcc.a(_udivmodsi4.o)
                0x0000006c                . = ALIGN (0x2)
 *(.text.*)
 .text.Power    0x0000006c       0x62 ./MCAL/I2C/I2C_Program.o
                0x0000006c                Power
 .text.I2C_InitMaster
                0x000000ce       0xd6 ./MCAL/I2C/I2C_Program.o
                0x000000ce                I2C_InitMaster
 .text.I2C_InitSlave
                0x000001a4       0x1e ./MCAL/I2C/I2C_Program.o
                0x000001a4                I2C_InitSlave
 .text.I2C_VidEnableGeneralCall
                0x000001c2       0x1c ./MCAL/I2C/I2C_Program.o
                0x000001c2                I2C_VidEnableGeneralCall
 .text.I2C_VidDisableGeneralCall
                0x000001de       0x1c ./MCAL/I2C/I2C_Program.o
                0x000001de                I2C_VidDisableGeneralCall
 .text.I2C_Start
                0x000001fa       0x48 ./MCAL/I2C/I2C_Program.o
                0x000001fa                I2C_Start
 .text.I2C_RepeatedStart
                0x00000242       0x48 ./MCAL/I2C/I2C_Program.o
                0x00000242                I2C_RepeatedStart
 .text.I2C_SendAddress
                0x0000028a       0x8a ./MCAL/I2C/I2C_Program.o
                0x0000028a                I2C_SendAddress
 .text.I2C_U8MasterSend
                0x00000314       0x54 ./MCAL/I2C/I2C_Program.o
                0x00000314                I2C_U8MasterSend
 .text.I2C_U8SlaveReceive
                0x00000368       0x5e ./MCAL/I2C/I2C_Program.o
                0x00000368                I2C_U8SlaveReceive
 .text.I2C_U8SlaveSend
                0x000003c6       0x4e ./MCAL/I2C/I2C_Program.o
                0x000003c6                I2C_U8SlaveSend
 .text.I2C_U8MasterReceive
                0x00000414       0x5e ./MCAL/I2C/I2C_Program.o
                0x00000414                I2C_U8MasterReceive
 .text.I2C_VidStop
                0x00000472       0x1c ./MCAL/I2C/I2C_Program.o
                0x00000472                I2C_VidStop
 .text.DIO_VidSetPinDirection
                0x0000048e      0x20a ./MCAL/DIO/DIO_Program.o
                0x0000048e                DIO_VidSetPinDirection
 .text.DIO_VidSetPinValue
                0x00000698      0x200 ./MCAL/DIO/DIO_Program.o
                0x00000698                DIO_VidSetPinValue
 .text.DIO_VidSetPortDirection
                0x00000898       0x82 ./MCAL/DIO/DIO_Program.o
                0x00000898                DIO_VidSetPortDirection
 .text.DIO_VidSetPortValue
                0x0000091a       0x82 ./MCAL/DIO/DIO_Program.o
                0x0000091a                DIO_VidSetPortValue
 .text.DIO_U8GetPinValue
                0x0000099c       0xf2 ./MCAL/DIO/DIO_Program.o
                0x0000099c                DIO_U8GetPinValue
 .text.DIO_VidTogglePin
                0x00000a8e       0xfa ./MCAL/DIO/DIO_Program.o
                0x00000a8e                DIO_VidTogglePin
 .text.DIO_VidTogglePinValue
                0x00000b88       0xfa ./MCAL/DIO/DIO_Program.o
                0x00000b88                DIO_VidTogglePinValue
 .text.EEPROM_VidWrite
                0x00000c82       0x66 ./HAL/E2PROM/EEPROM_Program.o
                0x00000c82                EEPROM_VidWrite
 .text.EEPROM_VidRead
                0x00000ce8       0x86 ./HAL/E2PROM/EEPROM_Program.o
                0x00000ce8                EEPROM_VidRead
 .text.main     0x00000d6e       0x48 ./APP/main.o
                0x00000d6e                main
 .text.libgcc   0x00000db6       0x36 e:/programs/imt_sdk_win_64/imt_sdk_win_64/winavr/bin/../lib/gcc/avr/4.3.3/avr5\libgcc.a(_divmodsi4.o)
                0x00000db6                __divmodsi4
 .text.libgcc   0x00000dec        0x0 e:/programs/imt_sdk_win_64/imt_sdk_win_64/winavr/bin/../lib/gcc/avr/4.3.3/avr5\libgcc.a(_exit.o)
 .text.libgcc   0x00000dec       0x44 e:/programs/imt_sdk_win_64/imt_sdk_win_64/winavr/bin/../lib/gcc/avr/4.3.3/avr5\libgcc.a(_udivmodsi4.o)
                0x00000dec                __udivmodsi4
                0x00000e30                . = ALIGN (0x2)
 *(.fini9)
 .fini9         0x00000e30        0x0 e:/programs/imt_sdk_win_64/imt_sdk_win_64/winavr/bin/../lib/gcc/avr/4.3.3/avr5\libgcc.a(_exit.o)
                0x00000e30                exit
                0x00000e30                _exit
 *(.fini9)
 *(.fini8)
 *(.fini8)
 *(.fini7)
 *(.fini7)
 *(.fini6)
 *(.fini6)
 *(.fini5)
 *(.fini5)
 *(.fini4)
 *(.fini4)
 *(.fini3)
 *(.fini3)
 *(.fini2)
 *(.fini2)
 *(.fini1)
 *(.fini1)
 *(.fini0)
 .fini0         0x00000e30        0x4 e:/programs/imt_sdk_win_64/imt_sdk_win_64/winavr/bin/../lib/gcc/avr/4.3.3/avr5\libgcc.a(_exit.o)
 *(.fini0)
                0x00000e34                _etext = .

.data           0x00800060        0x0 load address 0x00000e34
                0x00800060                PROVIDE (__data_start, .)
 *(.data)
 .data          0x00800060        0x0 e:/programs/imt_sdk_win_64/imt_sdk_win_64/winavr/bin/../lib/gcc/avr/4.3.3/../../../../avr/lib/avr5/crtm32.o
 .data          0x00800060        0x0 ./MCAL/I2C/I2C_Program.o
 .data          0x00800060        0x0 ./MCAL/DIO/DIO_Program.o
 .data          0x00800060        0x0 ./HAL/E2PROM/EEPROM_Program.o
 .data          0x00800060        0x0 ./APP/main.o
 .data          0x00800060        0x0 e:/programs/imt_sdk_win_64/imt_sdk_win_64/winavr/bin/../lib/gcc/avr/4.3.3/avr5\libgcc.a(_divmodsi4.o)
 .data          0x00800060        0x0 e:/programs/imt_sdk_win_64/imt_sdk_win_64/winavr/bin/../lib/gcc/avr/4.3.3/avr5\libgcc.a(_exit.o)
 .data          0x00800060        0x0 e:/programs/imt_sdk_win_64/imt_sdk_win_64/winavr/bin/../lib/gcc/avr/4.3.3/avr5\libgcc.a(_udivmodsi4.o)
 *(.data*)
 *(.rodata)
 *(.rodata*)
 *(.gnu.linkonce.d*)
                0x00800060                . = ALIGN (0x2)
                0x00800060                _edata = .
                0x00800060                PROVIDE (__data_end, .)

.bss            0x00800060        0x0
                0x00800060                PROVIDE (__bss_start, .)
 *(.bss)
 .bss           0x00800060        0x0 e:/programs/imt_sdk_win_64/imt_sdk_win_64/winavr/bin/../lib/gcc/avr/4.3.3/../../../../avr/lib/avr5/crtm32.o
 .bss           0x00800060        0x0 ./MCAL/I2C/I2C_Program.o
 .bss           0x00800060        0x0 ./MCAL/DIO/DIO_Program.o
 .bss           0x00800060        0x0 ./HAL/E2PROM/EEPROM_Program.o
 .bss           0x00800060        0x0 ./APP/main.o
 .bss           0x00800060        0x0 e:/programs/imt_sdk_win_64/imt_sdk_win_64/winavr/bin/../lib/gcc/avr/4.3.3/avr5\libgcc.a(_divmodsi4.o)
 .bss           0x00800060        0x0 e:/programs/imt_sdk_win_64/imt_sdk_win_64/winavr/bin/../lib/gcc/avr/4.3.3/avr5\libgcc.a(_exit.o)
 .bss           0x00800060        0x0 e:/programs/imt_sdk_win_64/imt_sdk_win_64/winavr/bin/../lib/gcc/avr/4.3.3/avr5\libgcc.a(_udivmodsi4.o)
 *(.bss*)
 *(COMMON)
                0x00800060                PROVIDE (__bss_end, .)
                0x00000e34                __data_load_start = LOADADDR (.data)
                0x00000e34                __data_load_end = (__data_load_start + SIZEOF (.data))

.noinit         0x00800060        0x0
                0x00800060                PROVIDE (__noinit_start, .)
 *(.noinit*)
                0x00800060                PROVIDE (__noinit_end, .)
                0x00800060                _end = .
                0x00800060                PROVIDE (__heap_start, .)

.eeprom         0x00810000        0x0
 *(.eeprom*)
                0x00810000                __eeprom_end = .

.fuse
 *(.fuse)
 *(.lfuse)
 *(.hfuse)
 *(.efuse)

.lock
 *(.lock*)

.signature
 *(.signature*)

.stab           0x00000000     0x1260
 *(.stab)
 .stab          0x00000000      0x6b4 ./MCAL/I2C/I2C_Program.o
 .stab          0x000006b4      0x624 ./MCAL/DIO/DIO_Program.o
                                0x630 (size before relaxing)
 .stab          0x00000cd8      0x36c ./HAL/E2PROM/EEPROM_Program.o
                                0x378 (size before relaxing)
 .stab          0x00001044      0x21c ./APP/main.o
                                0x228 (size before relaxing)

.stabstr        0x00000000      0x8c8
 *(.stabstr)
 .stabstr       0x00000000      0x8c8 ./MCAL/I2C/I2C_Program.o

.stab.excl
 *(.stab.excl)

.stab.exclstr
 *(.stab.exclstr)

.stab.index
 *(.stab.index)

.stab.indexstr
 *(.stab.indexstr)

.comment
 *(.comment)

.debug
 *(.debug)

.line
 *(.line)

.debug_srcinfo
 *(.debug_srcinfo)

.debug_sfnames
 *(.debug_sfnames)

.debug_aranges
 *(.debug_aranges)

.debug_pubnames
 *(.debug_pubnames)

.debug_info
 *(.debug_info)
 *(.gnu.linkonce.wi.*)

.debug_abbrev
 *(.debug_abbrev)

.debug_line
 *(.debug_line)

.debug_frame
 *(.debug_frame)

.debug_str
 *(.debug_str)

.debug_loc
 *(.debug_loc)

.debug_macinfo
 *(.debug_macinfo)
OUTPUT(EEPROM.elf elf32-avr)
LOAD linker stubs
